
===========================================================================
 report_power
============================================================================
======================= nom_ff_n40C_1v95 Corner ===================================

Group                    Internal    Switching      Leakage        Total
                            Power        Power        Power        Power (Watts)
------------------------------------------------------------------------
Sequential           3.415738e-04 1.239398e-06 1.552858e-08 3.428287e-04  98.3%
Combinational        2.700947e-06 1.318324e-06 2.575244e-08 4.045024e-06   1.2%
Clock                9.710502e-07 1.076032e-06 5.732776e-11 2.047139e-06   0.6%
Macro                0.000000e+00 0.000000e+00 0.000000e+00 0.000000e+00   0.0%
Pad                  0.000000e+00 0.000000e+00 0.000000e+00 0.000000e+00   0.0%
------------------------------------------------------------------------
Total                3.452458e-04 3.633752e-06 4.133876e-08 3.489209e-04 100.0%
                            98.9%         1.0%         0.0%

