Clock: clk
Sources: clk 
Generated: no
Virtual: yes
Propagated: no
Period: 100.000000

===========================================================================
report_clock_properties
============================================================================
Clock                   Period          Waveform
----------------------------------------------------
clk                 100.000000    0.000000 50.000000

===========================================================================
report_clock_latency
============================================================================
Clock clk
rise -> rise
    min     max
0.000000 0.000000 source latency
0.614127         network latency _5985_/CLK
        0.637123 network latency _5899_/CLK
---------------
0.614127 0.637123 latency
        0.022996 skew

rise -> fall
    min     max
0.000000 0.000000 source latency
0.659881         network latency _5729_/CLK
        0.669611 network latency _5731_/CLK
---------------
0.659881 0.669611 latency
        0.009729 skew

fall -> rise
    min     max
0.000000 0.000000 source latency
0.617821         network latency _5729_/CLK
        0.627477 network latency _5731_/CLK
---------------
0.617821 0.627477 latency
        0.009656 skew

fall -> fall
    min     max
0.000000 0.000000 source latency
0.563503         network latency _5985_/CLK
        0.579842 network latency _5775_/CLK
---------------
0.563503 0.579842 latency
        0.016339 skew



===========================================================================
report_clock_min_period
============================================================================
clk period_min = 9.80 fmax = 102.05
