
===========================================================================
 report_power
============================================================================
======================= nom_tt_025C_1v80 Corner ===================================

Group                    Internal    Switching      Leakage        Total
                            Power        Power        Power        Power (Watts)
------------------------------------------------------------------------
Sequential           2.887582e-04 1.648250e-06 8.933233e-09 2.904154e-04  59.8%
Combinational        4.296928e-06 6.943542e-06 1.722507e-08 1.125769e-05   2.3%
Clock                8.153018e-05 1.022061e-04 1.320592e-09 1.837376e-04  37.9%
Macro                0.000000e+00 0.000000e+00 0.000000e+00 0.000000e+00   0.0%
Pad                  0.000000e+00 0.000000e+00 0.000000e+00 0.000000e+00   0.0%
------------------------------------------------------------------------
Total                3.745853e-04 1.107979e-04 2.747947e-08 4.854107e-04 100.0%
                            77.2%        22.8%         0.0%
Writing metric power__internal__total: 0.00037458533188328147
Writing metric power__switching__total: 0.00011079788964707404
Writing metric power__leakage__total: 2.7479465813939896e-8
Writing metric power__total: 0.00048541068099439144

