
===========================================================================
 report_power
============================================================================
======================= min_ss_100C_1v60 Corner ===================================

Group                    Internal    Switching      Leakage        Total
                            Power        Power        Power        Power (Watts)
------------------------------------------------------------------------
Sequential           2.211773e-04 2.707397e-06 1.271370e-05 2.365984e-04  55.1%
Combinational        3.480373e-06 6.980747e-06 1.932023e-05 2.978135e-05   6.9%
Clock                6.656365e-05 9.487948e-05 1.218207e-06 1.626613e-04  37.9%
Macro                0.000000e+00 0.000000e+00 0.000000e+00 0.000000e+00   0.0%
Pad                  0.000000e+00 0.000000e+00 0.000000e+00 0.000000e+00   0.0%
------------------------------------------------------------------------
Total                2.912211e-04 1.045676e-04 3.325329e-05 4.290420e-04 100.0%
                            67.9%        24.4%         7.8%

