
===========================================================================
 report_power
============================================================================
======================= nom_tt_025C_1v80 Corner ===================================

Group                    Internal    Switching      Leakage        Total
                            Power        Power        Power        Power (Watts)
------------------------------------------------------------------------
Sequential           2.888731e-04 3.706095e-06 8.933233e-09 2.925881e-04  56.8%
Combinational        4.287667e-06 9.618801e-06 1.722508e-08 1.392369e-05   2.7%
Clock                8.138297e-05 1.271056e-04 4.388272e-09 2.084930e-04  40.5%
Macro                0.000000e+00 0.000000e+00 0.000000e+00 0.000000e+00   0.0%
Pad                  0.000000e+00 0.000000e+00 0.000000e+00 0.000000e+00   0.0%
------------------------------------------------------------------------
Total                3.745437e-04 1.404304e-04 3.054711e-08 5.150047e-04 100.0%
                            72.7%        27.3%         0.0%

