
===========================================================================
 report_power
============================================================================
======================= nom_tt_025C_1v80 Corner ===================================

Group                    Internal    Switching      Leakage        Total
                            Power        Power        Power        Power (Watts)
------------------------------------------------------------------------
Sequential           2.892435e-04 1.011227e-06 8.166266e-09 2.902629e-04  98.3%
Combinational        2.421555e-06 1.106951e-06 1.226402e-08 3.540770e-06   1.2%
Clock                7.053217e-07 9.025255e-07 2.921280e-11 1.607876e-06   0.5%
Macro                0.000000e+00 0.000000e+00 0.000000e+00 0.000000e+00   0.0%
Pad                  0.000000e+00 0.000000e+00 0.000000e+00 0.000000e+00   0.0%
------------------------------------------------------------------------
Total                2.923703e-04 3.020703e-06 2.045952e-08 2.954115e-04 100.0%
                            99.0%         1.0%         0.0%

