
===========================================================================
 report_power
============================================================================
======================= max_ss_100C_1v60 Corner ===================================

Group                    Internal    Switching      Leakage        Total
                            Power        Power        Power        Power (Watts)
------------------------------------------------------------------------
Sequential           2.211294e-04 3.137571e-06 1.271370e-05 2.369807e-04  54.2%
Combinational        3.479400e-06 7.662407e-06 1.932023e-05 3.046204e-05   7.0%
Clock                6.647501e-05 1.021230e-04 1.218207e-06 1.698162e-04  38.8%
Macro                0.000000e+00 0.000000e+00 0.000000e+00 0.000000e+00   0.0%
Pad                  0.000000e+00 0.000000e+00 0.000000e+00 0.000000e+00   0.0%
------------------------------------------------------------------------
Total                2.910837e-04 1.129229e-04 3.325329e-05 4.372598e-04 100.0%
                            66.6%        25.8%         7.6%

