
===========================================================================
 report_power
============================================================================
======================= nom_ss_100C_1v60 Corner ===================================

Group                    Internal    Switching      Leakage        Total
                            Power        Power        Power        Power (Watts)
------------------------------------------------------------------------
Sequential           2.211542e-04 2.942200e-06 1.271370e-05 2.368101e-04  54.7%
Combinational        3.479782e-06 7.331496e-06 1.932023e-05 3.013151e-05   7.0%
Clock                6.652309e-05 9.848439e-05 1.218207e-06 1.662257e-04  38.4%
Macro                0.000000e+00 0.000000e+00 0.000000e+00 0.000000e+00   0.0%
Pad                  0.000000e+00 0.000000e+00 0.000000e+00 0.000000e+00   0.0%
------------------------------------------------------------------------
Total                2.911570e-04 1.087581e-04 3.325329e-05 4.331684e-04 100.0%
                            67.2%        25.1%         7.7%

