
===========================================================================
 report_power
============================================================================
======================= nom_tt_025C_1v80 Corner ===================================

Group                    Internal    Switching      Leakage        Total
                            Power        Power        Power        Power (Watts)
------------------------------------------------------------------------
Sequential           2.887591e-04 1.669423e-06 8.933233e-09 2.904375e-04  59.9%
Combinational        4.016715e-06 6.855018e-06 1.404098e-08 1.088577e-05   2.2%
Clock                8.152857e-05 1.021840e-04 1.320592e-09 1.837139e-04  37.9%
Macro                0.000000e+00 0.000000e+00 0.000000e+00 0.000000e+00   0.0%
Pad                  0.000000e+00 0.000000e+00 0.000000e+00 0.000000e+00   0.0%
------------------------------------------------------------------------
Total                3.743044e-04 1.107085e-04 2.429536e-08 4.850372e-04 100.0%
                            77.2%        22.8%         0.0%
Writing metric power__internal__total: 0.0003743044217117131
Writing metric power__switching__total: 0.00011070846812799573
Writing metric power__leakage__total: 2.4295362166526502e-8
Writing metric power__total: 0.0004850371915381402

