Clock: clk
Sources: clk 
Generated: no
Virtual: yes
Propagated: no
Period: 100.000000

===========================================================================
report_clock_properties
============================================================================
Clock                   Period          Waveform
----------------------------------------------------
clk                 100.000000    0.000000 50.000000

===========================================================================
report_clock_latency
============================================================================
Clock clk
rise -> rise
    min     max
0.000000 0.000000 source latency
0.524523         network latency _5985_/CLK
        0.567581 network latency _5998_/CLK
---------------
0.524523 0.567581 latency
        0.043059 skew

rise -> fall
    min     max
0.000000 0.000000 source latency
0.567725         network latency _5729_/CLK
        0.581622 network latency _5731_/CLK
---------------
0.567725 0.581622 latency
        0.013897 skew

fall -> rise
    min     max
0.000000 0.000000 source latency
0.505402         network latency _5729_/CLK
        0.519893 network latency _5731_/CLK
---------------
0.505402 0.519893 latency
        0.014492 skew

fall -> fall
    min     max
0.000000 0.000000 source latency
0.451557         network latency _5985_/CLK
        0.482974 network latency _5998_/CLK
---------------
0.451557 0.482974 latency
        0.031417 skew



===========================================================================
report_clock_min_period
============================================================================
clk period_min = 6.72 fmax = 148.88
