
===========================================================================
 report_power
============================================================================
======================= min_ff_n40C_1v95 Corner ===================================

Group                    Internal    Switching      Leakage        Total
                            Power        Power        Power        Power (Watts)
------------------------------------------------------------------------
Sequential           3.357225e-04 3.997655e-06 1.246202e-08 3.397326e-04  57.1%
Combinational        4.710976e-06 1.075803e-05 3.331723e-08 1.550232e-05   2.6%
Clock                9.335004e-05 1.458813e-04 7.897880e-09 2.392393e-04  40.2%
Macro                0.000000e+00 0.000000e+00 0.000000e+00 0.000000e+00   0.0%
Pad                  0.000000e+00 0.000000e+00 0.000000e+00 0.000000e+00   0.0%
------------------------------------------------------------------------
Total                4.337837e-04 1.606370e-04 5.367707e-08 5.944744e-04 100.0%
                            73.0%        27.0%         0.0%

