
===========================================================================
 report_power
============================================================================
======================= nom_ss_100C_1v60 Corner ===================================

Group                    Internal    Switching      Leakage        Total
                            Power        Power        Power        Power (Watts)
------------------------------------------------------------------------
Sequential           2.204532e-04 7.736851e-07 1.309208e-05 2.343189e-04  92.2%
Combinational        1.945676e-06 8.643971e-07 1.562051e-05 1.843058e-05   7.3%
Clock                5.637849e-07 7.000929e-07 3.348073e-08 1.297358e-06   0.5%
Macro                0.000000e+00 0.000000e+00 0.000000e+00 0.000000e+00   0.0%
Pad                  0.000000e+00 0.000000e+00 0.000000e+00 0.000000e+00   0.0%
------------------------------------------------------------------------
Total                2.229626e-04 2.338175e-06 2.874616e-05 2.540470e-04 100.0%
                            87.8%         0.9%        11.3%

