┏━━━━━━━┳━━━━━━━━━┳━━━━━━━━━━┳━━━━━━━━━━━━━━━━━━━━━━━━━━━━━━━━━━━━━┳━━━━━━━━━━━━━┳━━━━━━━┓
┃ P / R ┃ Partial ┃ Required ┃ Net                                 ┃ Pin         ┃ Layer ┃
┡━━━━━━━╇━━━━━━━━━╇━━━━━━━━━━╇━━━━━━━━━━━━━━━━━━━━━━━━━━━━━━━━━━━━━╇━━━━━━━━━━━━━╇━━━━━━━┩
│ 2.31  │ 924.48  │ 400.00   │ U_TOP.U_CACHE.BUS_RDATA[5\]         │ _5097_/A1   │ met3  │
│ 2.31  │ 924.48  │ 400.00   │ U_TOP.U_CACHE.BUS_RDATA[5\]         │ _5170_/A1   │ met3  │
│ 2.20  │ 880.67  │ 400.00   │ U_TOP.U_CACHE.BUS_RDATA[4\]         │ _5096_/A1   │ met3  │
│ 2.20  │ 880.67  │ 400.00   │ U_TOP.U_CACHE.BUS_RDATA[4\]         │ _5169_/A1   │ met3  │
│ 1.99  │ 797.52  │ 400.00   │ net268                              │ _4864_/A0   │ met3  │
│ 1.67  │ 666.29  │ 400.00   │ net270                              │ _4730_/A1   │ met3  │
│ 1.67  │ 666.29  │ 400.00   │ net270                              │ _4967_/A0   │ met3  │
│ 1.56  │ 622.29  │ 400.00   │ U_TOP.U_UART.U_SASC_TOP.rxd_dly[0\] │ hold10/A    │ met3  │
│ 1.35  │ 539.83  │ 400.00   │ _2235_                              │ _4593_/B1   │ met3  │
│ 1.32  │ 527.44  │ 400.00   │ net255                              │ fanout254/A │ met1  │
└───────┴─────────┴──────────┴─────────────────────────────────────┴─────────────┴───────┘
