
===========================================================================
 report_power
============================================================================
======================= min_tt_025C_1v80 Corner ===================================

Group                    Internal    Switching      Leakage        Total
                            Power        Power        Power        Power (Watts)
------------------------------------------------------------------------
Sequential           2.888547e-04 3.408923e-06 8.933233e-09 2.922725e-04  57.3%
Combinational        4.287301e-06 9.174881e-06 1.722508e-08 1.347941e-05   2.6%
Clock                8.140448e-05 1.225432e-04 4.388272e-09 2.039520e-04  40.0%
Macro                0.000000e+00 0.000000e+00 0.000000e+00 0.000000e+00   0.0%
Pad                  0.000000e+00 0.000000e+00 0.000000e+00 0.000000e+00   0.0%
------------------------------------------------------------------------
Total                3.745463e-04 1.351269e-04 3.054711e-08 5.097038e-04 100.0%
                            73.5%        26.5%         0.0%

