
===========================================================================
 report_power
============================================================================
======================= nom_tt_025C_1v80 Corner ===================================

Group                    Internal    Switching      Leakage        Total
                            Power        Power        Power        Power (Watts)
------------------------------------------------------------------------
Sequential           3.277399e-04 1.980245e-06 8.166266e-09 3.297283e-04  97.4%
Combinational        2.432664e-06 1.302553e-06 1.226402e-08 3.747481e-06   1.1%
Clock                4.034721e-06 9.591809e-07 5.540989e-10 4.994456e-06   1.5%
Macro                0.000000e+00 0.000000e+00 0.000000e+00 0.000000e+00   0.0%
Pad                  0.000000e+00 0.000000e+00 0.000000e+00 0.000000e+00   0.0%
------------------------------------------------------------------------
Total                3.342071e-04 4.241979e-06 2.098441e-08 3.384701e-04 100.0%
                            98.7%         1.3%         0.0%
Writing metric power__internal__total: 0.00033420714316889644
Writing metric power__switching__total: 4.2419787860126235e-6
Writing metric power__leakage__total: 2.0984408877211536e-8
Writing metric power__total: 0.00033847009763121605

