
23. Executing PROC_DLATCH pass (convert process syncs to latches).
No latch inferred for signal `\sasc_top.\rx_sio_ce_d' from process `\sasc_top.$proc$/home/taka/ISHI_Kai/bfCPU/ttsky_bfCPU/src/UART/sasc/trunk/rtl/verilog/sasc_top.v:282$591'.
No latch inferred for signal `\sasc_top.\dpll_next_state' from process `\sasc_top.$proc$/home/taka/ISHI_Kai/bfCPU/ttsky_bfCPU/src/UART/sasc/trunk/rtl/verilog/sasc_top.v:282$591'.
No latch inferred for signal `\CPU.\io_addr' from process `\CPU.$proc$/home/taka/ISHI_Kai/bfCPU/ttsky_bfCPU/src/CPU/cpu.sv:339$495'.
No latch inferred for signal `\CPU.\state_next' from process `\CPU.$proc$/home/taka/ISHI_Kai/bfCPU/ttsky_bfCPU/src/CPU/cpu.sv:339$495'.
No latch inferred for signal `\CPU.\seq_clr' from process `\CPU.$proc$/home/taka/ISHI_Kai/bfCPU/ttsky_bfCPU/src/CPU/cpu.sv:339$495'.
No latch inferred for signal `\CPU.\seq_inc' from process `\CPU.$proc$/home/taka/ISHI_Kai/bfCPU/ttsky_bfCPU/src/CPU/cpu.sv:339$495'.
No latch inferred for signal `\CPU.\if_do' from process `\CPU.$proc$/home/taka/ISHI_Kai/bfCPU/ttsky_bfCPU/src/CPU/cpu.sv:339$495'.
No latch inferred for signal `\CPU.\dr_do' from process `\CPU.$proc$/home/taka/ISHI_Kai/bfCPU/ttsky_bfCPU/src/CPU/cpu.sv:339$495'.
No latch inferred for signal `\CPU.\dw_do' from process `\CPU.$proc$/home/taka/ISHI_Kai/bfCPU/ttsky_bfCPU/src/CPU/cpu.sv:339$495'.
No latch inferred for signal `\CPU.\ir_do' from process `\CPU.$proc$/home/taka/ISHI_Kai/bfCPU/ttsky_bfCPU/src/CPU/cpu.sv:339$495'.
No latch inferred for signal `\CPU.\iw_do' from process `\CPU.$proc$/home/taka/ISHI_Kai/bfCPU/ttsky_bfCPU/src/CPU/cpu.sv:339$495'.
No latch inferred for signal `\CPU.\pc_clr' from process `\CPU.$proc$/home/taka/ISHI_Kai/bfCPU/ttsky_bfCPU/src/CPU/cpu.sv:339$495'.
No latch inferred for signal `\CPU.\pc_inc' from process `\CPU.$proc$/home/taka/ISHI_Kai/bfCPU/ttsky_bfCPU/src/CPU/cpu.sv:339$495'.
No latch inferred for signal `\CPU.\pc_dec' from process `\CPU.$proc$/home/taka/ISHI_Kai/bfCPU/ttsky_bfCPU/src/CPU/cpu.sv:339$495'.
No latch inferred for signal `\CPU.\pc_inc2' from process `\CPU.$proc$/home/taka/ISHI_Kai/bfCPU/ttsky_bfCPU/src/CPU/cpu.sv:339$495'.
No latch inferred for signal `\CPU.\pc_dec2' from process `\CPU.$proc$/home/taka/ISHI_Kai/bfCPU/ttsky_bfCPU/src/CPU/cpu.sv:339$495'.
No latch inferred for signal `\CPU.\ptr_clr' from process `\CPU.$proc$/home/taka/ISHI_Kai/bfCPU/ttsky_bfCPU/src/CPU/cpu.sv:339$495'.
No latch inferred for signal `\CPU.\ptr_inc' from process `\CPU.$proc$/home/taka/ISHI_Kai/bfCPU/ttsky_bfCPU/src/CPU/cpu.sv:339$495'.
No latch inferred for signal `\CPU.\ptr_dec' from process `\CPU.$proc$/home/taka/ISHI_Kai/bfCPU/ttsky_bfCPU/src/CPU/cpu.sv:339$495'.
No latch inferred for signal `\CPU.\indent_clr' from process `\CPU.$proc$/home/taka/ISHI_Kai/bfCPU/ttsky_bfCPU/src/CPU/cpu.sv:339$495'.
No latch inferred for signal `\CPU.\indent_inc' from process `\CPU.$proc$/home/taka/ISHI_Kai/bfCPU/ttsky_bfCPU/src/CPU/cpu.sv:339$495'.
No latch inferred for signal `\CPU.\indent_dec' from process `\CPU.$proc$/home/taka/ISHI_Kai/bfCPU/ttsky_bfCPU/src/CPU/cpu.sv:339$495'.
No latch inferred for signal `\CPU.\alufunc' from process `\CPU.$proc$/home/taka/ISHI_Kai/bfCPU/ttsky_bfCPU/src/CPU/cpu.sv:339$495'.
No latch inferred for signal `\CPU.\aluinx_dr' from process `\CPU.$proc$/home/taka/ISHI_Kai/bfCPU/ttsky_bfCPU/src/CPU/cpu.sv:339$495'.
No latch inferred for signal `\CPU.\aluinx_ir' from process `\CPU.$proc$/home/taka/ISHI_Kai/bfCPU/ttsky_bfCPU/src/CPU/cpu.sv:339$495'.
No latch inferred for signal `\CPU.\aluout' from process `\CPU.$proc$/home/taka/ISHI_Kai/bfCPU/ttsky_bfCPU/src/CPU/cpu.sv:0$486'.
No latch inferred for signal `\CACHE.\BUS_WDATA' from process `\CACHE.$proc$/home/taka/ISHI_Kai/bfCPU/ttsky_bfCPU/src/CACHE/cache.sv:662$397'.
No latch inferred for signal `\CACHE.\DM_RDATA' from process `\CACHE.$proc$/home/taka/ISHI_Kai/bfCPU/ttsky_bfCPU/src/CACHE/cache.sv:479$277'.
No latch inferred for signal `\CACHE.\dm_mis_dphase_update_data' from process `\CACHE.$proc$/home/taka/ISHI_Kai/bfCPU/ttsky_bfCPU/src/CACHE/cache.sv:469$272'.
No latch inferred for signal `\CACHE.\dm_hit_dphase_update_data1' from process `\CACHE.$proc$/home/taka/ISHI_Kai/bfCPU/ttsky_bfCPU/src/CACHE/cache.sv:459$267'.
No latch inferred for signal `\CACHE.\dm_hit_dphase_update_data0' from process `\CACHE.$proc$/home/taka/ISHI_Kai/bfCPU/ttsky_bfCPU/src/CACHE/cache.sv:451$262'.
No latch inferred for signal `\CACHE.\IF_CODE' from process `\CACHE.$proc$/home/taka/ISHI_Kai/bfCPU/ttsky_bfCPU/src/CACHE/cache.sv:266$179'.
No latch inferred for signal `\CACHE.\ic_d3_out' from process `\CACHE.$proc$/home/taka/ISHI_Kai/bfCPU/ttsky_bfCPU/src/CACHE/cache.sv:251$178'.
No latch inferred for signal `\CACHE.\ic_d2_out' from process `\CACHE.$proc$/home/taka/ISHI_Kai/bfCPU/ttsky_bfCPU/src/CACHE/cache.sv:237$177'.
No latch inferred for signal `\CACHE.\ic_d1_out' from process `\CACHE.$proc$/home/taka/ISHI_Kai/bfCPU/ttsky_bfCPU/src/CACHE/cache.sv:223$176'.
No latch inferred for signal `\CACHE.\ic_d0_out' from process `\CACHE.$proc$/home/taka/ISHI_Kai/bfCPU/ttsky_bfCPU/src/CACHE/cache.sv:209$175'.
No latch inferred for signal `\QSPI_SRAM.\addr_inc' from process `\QSPI_SRAM.$proc$/home/taka/ISHI_Kai/bfCPU/ttsky_bfCPU/src/QSPI_SRAM/qspi_sram.sv:0$92'.
No latch inferred for signal `\QSPI_SRAM.\bus_ready_set' from process `\QSPI_SRAM.$proc$/home/taka/ISHI_Kai/bfCPU/ttsky_bfCPU/src/QSPI_SRAM/qspi_sram.sv:0$92'.
No latch inferred for signal `\QSPI_SRAM.\bus_ready_clr' from process `\QSPI_SRAM.$proc$/home/taka/ISHI_Kai/bfCPU/ttsky_bfCPU/src/QSPI_SRAM/qspi_sram.sv:0$92'.
No latch inferred for signal `\QSPI_SRAM.\qspi_csn_assert' from process `\QSPI_SRAM.$proc$/home/taka/ISHI_Kai/bfCPU/ttsky_bfCPU/src/QSPI_SRAM/qspi_sram.sv:0$92'.
No latch inferred for signal `\QSPI_SRAM.\qspi_csn_negate' from process `\QSPI_SRAM.$proc$/home/taka/ISHI_Kai/bfCPU/ttsky_bfCPU/src/QSPI_SRAM/qspi_sram.sv:0$92'.
No latch inferred for signal `\QSPI_SRAM.\qspi_sckenb_set' from process `\QSPI_SRAM.$proc$/home/taka/ISHI_Kai/bfCPU/ttsky_bfCPU/src/QSPI_SRAM/qspi_sram.sv:0$92'.
No latch inferred for signal `\QSPI_SRAM.\qspi_sckenb_clr' from process `\QSPI_SRAM.$proc$/home/taka/ISHI_Kai/bfCPU/ttsky_bfCPU/src/QSPI_SRAM/qspi_sram.sv:0$92'.
No latch inferred for signal `\QSPI_SRAM.\qspi_txd_set_eqio' from process `\QSPI_SRAM.$proc$/home/taka/ISHI_Kai/bfCPU/ttsky_bfCPU/src/QSPI_SRAM/qspi_sram.sv:0$92'.
No latch inferred for signal `\QSPI_SRAM.\qspi_txd_set_rdcmd' from process `\QSPI_SRAM.$proc$/home/taka/ISHI_Kai/bfCPU/ttsky_bfCPU/src/QSPI_SRAM/qspi_sram.sv:0$92'.
No latch inferred for signal `\QSPI_SRAM.\qspi_txd_set_wrcmd' from process `\QSPI_SRAM.$proc$/home/taka/ISHI_Kai/bfCPU/ttsky_bfCPU/src/QSPI_SRAM/qspi_sram.sv:0$92'.
No latch inferred for signal `\QSPI_SRAM.\qspi_txd_set_addrh' from process `\QSPI_SRAM.$proc$/home/taka/ISHI_Kai/bfCPU/ttsky_bfCPU/src/QSPI_SRAM/qspi_sram.sv:0$92'.
No latch inferred for signal `\QSPI_SRAM.\qspi_txd_set_addrl' from process `\QSPI_SRAM.$proc$/home/taka/ISHI_Kai/bfCPU/ttsky_bfCPU/src/QSPI_SRAM/qspi_sram.sv:0$92'.
No latch inferred for signal `\QSPI_SRAM.\qspi_txd_set_wdata_spi' from process `\QSPI_SRAM.$proc$/home/taka/ISHI_Kai/bfCPU/ttsky_bfCPU/src/QSPI_SRAM/qspi_sram.sv:0$92'.
No latch inferred for signal `\QSPI_SRAM.\qspi_txd_set_wdata_qspi' from process `\QSPI_SRAM.$proc$/home/taka/ISHI_Kai/bfCPU/ttsky_bfCPU/src/QSPI_SRAM/qspi_sram.sv:0$92'.
No latch inferred for signal `\QSPI_SRAM.\qspi_txd_set_wdata_qspi_fwd' from process `\QSPI_SRAM.$proc$/home/taka/ISHI_Kai/bfCPU/ttsky_bfCPU/src/QSPI_SRAM/qspi_sram.sv:0$92'.
No latch inferred for signal `\QSPI_SRAM.\qspi_txd_sft_1bit' from process `\QSPI_SRAM.$proc$/home/taka/ISHI_Kai/bfCPU/ttsky_bfCPU/src/QSPI_SRAM/qspi_sram.sv:0$92'.
No latch inferred for signal `\QSPI_SRAM.\qspi_txd_sft_4bit' from process `\QSPI_SRAM.$proc$/home/taka/ISHI_Kai/bfCPU/ttsky_bfCPU/src/QSPI_SRAM/qspi_sram.sv:0$92'.
No latch inferred for signal `\QSPI_SRAM.\qspi_sio_e_set' from process `\QSPI_SRAM.$proc$/home/taka/ISHI_Kai/bfCPU/ttsky_bfCPU/src/QSPI_SRAM/qspi_sram.sv:0$92'.
No latch inferred for signal `\QSPI_SRAM.\qspi_sio_e_clr' from process `\QSPI_SRAM.$proc$/home/taka/ISHI_Kai/bfCPU/ttsky_bfCPU/src/QSPI_SRAM/qspi_sram.sv:0$92'.
No latch inferred for signal `\QSPI_SRAM.\qspi_rxd_capture' from process `\QSPI_SRAM.$proc$/home/taka/ISHI_Kai/bfCPU/ttsky_bfCPU/src/QSPI_SRAM/qspi_sram.sv:0$92'.
No latch inferred for signal `\QSPI_SRAM.\qspi_rxd_set_hi' from process `\QSPI_SRAM.$proc$/home/taka/ISHI_Kai/bfCPU/ttsky_bfCPU/src/QSPI_SRAM/qspi_sram.sv:0$92'.
No latch inferred for signal `\QSPI_SRAM.\qspi_rxd_set_lo' from process `\QSPI_SRAM.$proc$/home/taka/ISHI_Kai/bfCPU/ttsky_bfCPU/src/QSPI_SRAM/qspi_sram.sv:0$92'.
No latch inferred for signal `\QSPI_SRAM.\state_next' from process `\QSPI_SRAM.$proc$/home/taka/ISHI_Kai/bfCPU/ttsky_bfCPU/src/QSPI_SRAM/qspi_sram.sv:0$92'.
No latch inferred for signal `\QSPI_SRAM.\state_update' from process `\QSPI_SRAM.$proc$/home/taka/ISHI_Kai/bfCPU/ttsky_bfCPU/src/QSPI_SRAM/qspi_sram.sv:0$92'.
No latch inferred for signal `\QSPI_SRAM.\seq_clr' from process `\QSPI_SRAM.$proc$/home/taka/ISHI_Kai/bfCPU/ttsky_bfCPU/src/QSPI_SRAM/qspi_sram.sv:0$92'.
No latch inferred for signal `\QSPI_SRAM.\seq_inc' from process `\QSPI_SRAM.$proc$/home/taka/ISHI_Kai/bfCPU/ttsky_bfCPU/src/QSPI_SRAM/qspi_sram.sv:0$92'.
No latch inferred for signal `\QSPI_SRAM.\seq_dec' from process `\QSPI_SRAM.$proc$/home/taka/ISHI_Kai/bfCPU/ttsky_bfCPU/src/QSPI_SRAM/qspi_sram.sv:0$92'.
No latch inferred for signal `\QSPI_SRAM.\seq_dec2' from process `\QSPI_SRAM.$proc$/home/taka/ISHI_Kai/bfCPU/ttsky_bfCPU/src/QSPI_SRAM/qspi_sram.sv:0$92'.
