┏━━━━━━━━━━━━━━━━━━━━━━┳━━━━━━━━━━┳━━━━━━━━━━┳━━━━━━━━━━┳━━━━━━━━━━┳━━━━━━━━━━━┳━━━━━━━━━━┳━━━━━━━━━━━┳━━━━━━━━━━┳━━━━━━━━━━━┳━━━━━━━━━━┳━━━━━━━━━━━┳━━━━━━━━━━┓
┃                      ┃ Hold     ┃ Reg to   ┃          ┃          ┃ of which  ┃ Setup    ┃           ┃          ┃           ┃ of which ┃           ┃          ┃
┃                      ┃ Worst    ┃ Reg      ┃          ┃ Hold Vio ┃ reg to    ┃ Worst    ┃ Reg to    ┃ Setup    ┃ Setup Vio ┃ reg to   ┃ Max Cap   ┃ Max Slew ┃
┃ Corner/Group         ┃ Slack    ┃ Paths    ┃ Hold TNS ┃ Count    ┃ reg       ┃ Slack    ┃ Reg Paths ┃ TNS      ┃ Count     ┃ reg      ┃ Violatio… ┃ Violati… ┃
┡━━━━━━━━━━━━━━━━━━━━━━╇━━━━━━━━━━╇━━━━━━━━━━╇━━━━━━━━━━╇━━━━━━━━━━╇━━━━━━━━━━━╇━━━━━━━━━━╇━━━━━━━━━━━╇━━━━━━━━━━╇━━━━━━━━━━━╇━━━━━━━━━━╇━━━━━━━━━━━╇━━━━━━━━━━┩
│ Overall              │ 0.1100   │ 0.1100   │ 0.0000   │ 0        │ 0         │ 26.8866  │ 48.0952   │ 0.0000   │ 0         │ 0        │ 0         │ 125      │
│ nom_tt_025C_1v80     │ 0.3188   │ 0.3188   │ 0.0000   │ 0        │ 0         │ 28.2498  │ 49.0277   │ 0.0000   │ 0         │ 0        │ 0         │ 10       │
│ nom_ss_100C_1v60     │ 0.8781   │ 0.8781   │ 0.0000   │ 0        │ 0         │ 26.9348  │ 48.0983   │ 0.0000   │ 0         │ 0        │ 0         │ 110      │
│ nom_ff_n40C_1v95     │ 0.1118   │ 0.1118   │ 0.0000   │ 0        │ 0         │ 28.7472  │ 49.3270   │ 0.0000   │ 0         │ 0        │ 0         │ 0        │
│ min_tt_025C_1v80     │ 0.3145   │ 0.3145   │ 0.0000   │ 0        │ 0         │ 28.2805  │ 49.0242   │ 0.0000   │ 0         │ 0        │ 0         │ 0        │
│ min_ss_100C_1v60     │ 0.8704   │ 0.8704   │ 0.0000   │ 0        │ 0         │ 26.9866  │ 48.0952   │ 0.0000   │ 0         │ 0        │ 0         │ 110      │
│ min_ff_n40C_1v95     │ 0.1100   │ 0.1100   │ 0.0000   │ 0        │ 0         │ 28.7697  │ 49.3253   │ 0.0000   │ 0         │ 0        │ 0         │ 0        │
│ max_tt_025C_1v80     │ 0.3233   │ 0.3233   │ 0.0000   │ 0        │ 0         │ 28.2174  │ 49.0317   │ 0.0000   │ 0         │ 0        │ 0         │ 28       │
│ max_ss_100C_1v60     │ 0.8829   │ 0.8829   │ 0.0000   │ 0        │ 0         │ 26.8866  │ 48.1045   │ 0.0000   │ 0         │ 0        │ 0         │ 125      │
│ max_ff_n40C_1v95     │ 0.1138   │ 0.1138   │ 0.0000   │ 0        │ 0         │ 28.7216  │ 49.3270   │ 0.0000   │ 0         │ 0        │ 0         │ 0        │
└──────────────────────┴──────────┴──────────┴──────────┴──────────┴───────────┴──────────┴───────────┴──────────┴───────────┴──────────┴───────────┴──────────┘
