
===========================================================================
 report_power
============================================================================
======================= nom_tt_025C_1v80 Corner ===================================

Group                    Internal    Switching      Leakage        Total
                            Power        Power        Power        Power (Watts)
------------------------------------------------------------------------
Sequential           2.888261e-04 2.468816e-06 8.933233e-09 2.913038e-04  58.4%
Combinational        4.297661e-06 8.116759e-06 1.722507e-08 1.243164e-05   2.5%
Clock                8.154095e-05 1.133924e-04 1.332832e-09 1.949347e-04  39.1%
Macro                0.000000e+00 0.000000e+00 0.000000e+00 0.000000e+00   0.0%
Pad                  0.000000e+00 0.000000e+00 0.000000e+00 0.000000e+00   0.0%
------------------------------------------------------------------------
Total                3.746655e-04 1.239780e-04 2.749227e-08 4.986710e-04 100.0%
                            75.1%        24.9%         0.0%
Writing metric power__internal__total: 0.0003746654838323593
Writing metric power__switching__total: 0.0001239780249306932
Writing metric power__leakage__total: 2.7492273346751972e-8
Writing metric power__total: 0.0004986709682270885

